INFO  2018-02-06 18:40:09,153 [main][Compiler.java:175] : Compiling source file: C:\Users\Luka\Desktop\pp1domaci\workspace\MJCompiler\test\test4.mj
INFO  2018-02-06 18:40:09,262 [main][MJParser.java:507] : #6 program
INFO  2018-02-06 18:40:09,263 [main][MJParser.java:507] : #42 MJProgram
INFO  2018-02-06 18:40:09,263 [main][MJParser.java:507] : #42 int
INFO  2018-02-06 18:40:09,265 [main][MJParser.java:507] : #42 x
INFO  2018-02-06 18:40:09,266 [main][MJParser.java:507] : #36 ;
INFO  2018-02-06 18:40:09,268 [main][MJParser.java:507] : #42 int
INFO  2018-02-06 18:40:09,269 [main][MJParser.java:507] : #42 y
INFO  2018-02-06 18:40:09,269 [main][MJParser.java:507] : #5 ,
INFO  2018-02-06 18:40:09,269 [main][MJParser.java:507] : #42 z
INFO  2018-02-06 18:40:09,269 [main][MJParser.java:507] : #10 [
INFO  2018-02-06 18:40:09,270 [main][MJParser.java:507] : #11 ]
INFO  2018-02-06 18:40:09,270 [main][MJParser.java:507] : #5 ,
INFO  2018-02-06 18:40:09,270 [main][MJParser.java:507] : #42 q
INFO  2018-02-06 18:40:09,271 [main][MJParser.java:507] : #5 ,
INFO  2018-02-06 18:40:09,271 [main][MJParser.java:507] : #42 p
INFO  2018-02-06 18:40:09,273 [main][MJParser.java:507] : #36 ;
INFO  2018-02-06 18:40:09,273 [main][MJParser.java:507] : #42 char
INFO  2018-02-06 18:40:09,274 [main][MJParser.java:507] : #42 h
INFO  2018-02-06 18:40:09,274 [main][MJParser.java:507] : #10 [
INFO  2018-02-06 18:40:09,274 [main][MJParser.java:507] : #11 ]
INFO  2018-02-06 18:40:09,275 [main][MJParser.java:507] : #36 ;
INFO  2018-02-06 18:40:09,275 [main][MJParser.java:507] : #7 {
INFO  2018-02-06 18:40:09,276 [main][MJParser.java:507] : #42 int
INFO  2018-02-06 18:40:09,277 [main][MJParser.java:507] : #42 k
INFO  2018-02-06 18:40:09,277 [main][MJParser.java:507] : #2 (
INFO  2018-02-06 18:40:09,278 [main][MJParser.java:507] : #42 int
INFO  2018-02-06 18:40:09,279 [main][MJParser.java:507] : #42 a
INFO  2018-02-06 18:40:09,279 [main][MJParser.java:507] : #5 ,
INFO  2018-02-06 18:40:09,280 [main][MJParser.java:507] : #42 int
INFO  2018-02-06 18:40:09,280 [main][MJParser.java:507] : #42 b
INFO  2018-02-06 18:40:09,280 [main][MJParser.java:507] : #3 )
INFO  2018-02-06 18:40:09,281 [main][MJParser.java:507] : #42 int
INFO  2018-02-06 18:40:09,283 [main][MJParser.java:507] : #42 x
INFO  2018-02-06 18:40:09,283 [main][MJParser.java:507] : #36 ;
INFO  2018-02-06 18:40:09,283 [main][MJParser.java:507] : #7 {
INFO  2018-02-06 18:40:09,284 [main][MJParser.java:507] : #42 x
INFO  2018-02-06 18:40:09,285 [main][MJParser.java:507] : #17 =
INFO  2018-02-06 18:40:09,285 [main][MJParser.java:507] : #42 a
INFO  2018-02-06 18:40:09,285 [main][MJParser.java:507] : #19 +
INFO  2018-02-06 18:40:09,286 [main][MJParser.java:507] : #41 10
INFO  2018-02-06 18:40:09,288 [main][MJParser.java:507] : #36 ;
INFO  2018-02-06 18:40:09,288 [main][MJParser.java:507] : #18 print
INFO  2018-02-06 18:40:09,289 [main][MJParser.java:507] : #2 (
INFO  2018-02-06 18:40:09,289 [main][MJParser.java:507] : #42 x
INFO  2018-02-06 18:40:09,289 [main][MJParser.java:507] : #3 )
INFO  2018-02-06 18:40:09,290 [main][MJParser.java:507] : #36 ;
INFO  2018-02-06 18:40:09,291 [main][MJParser.java:507] : #18 print
INFO  2018-02-06 18:40:09,291 [main][MJParser.java:507] : #2 (
INFO  2018-02-06 18:40:09,291 [main][MJParser.java:507] : #42 b
INFO  2018-02-06 18:40:09,291 [main][MJParser.java:507] : #3 )
INFO  2018-02-06 18:40:09,291 [main][MJParser.java:507] : #36 ;
INFO  2018-02-06 18:40:09,292 [main][MJParser.java:507] : #39 return
INFO  2018-02-06 18:40:09,292 [main][MJParser.java:507] : #41 0
INFO  2018-02-06 18:40:09,292 [main][MJParser.java:507] : #36 ;
INFO  2018-02-06 18:40:09,292 [main][MJParser.java:507] : #8 }
INFO  2018-02-06 18:40:09,292 [main][MJParser.java:507] : #42 int
INFO  2018-02-06 18:40:09,293 [main][MJParser.java:507] : #42 main
INFO  2018-02-06 18:40:09,293 [main][MJParser.java:507] : #2 (
INFO  2018-02-06 18:40:09,293 [main][MJParser.java:507] : #3 )
INFO  2018-02-06 18:40:09,294 [main][MJParser.java:507] : #7 {
INFO  2018-02-06 18:40:09,294 [main][MJParser.java:507] : #42 x
INFO  2018-02-06 18:40:09,295 [main][MJParser.java:507] : #17 =
INFO  2018-02-06 18:40:09,295 [main][MJParser.java:507] : #41 1
INFO  2018-02-06 18:40:09,295 [main][MJParser.java:507] : #36 ;
INFO  2018-02-06 18:40:09,295 [main][MJParser.java:507] : #42 y
INFO  2018-02-06 18:40:09,296 [main][MJParser.java:507] : #17 =
INFO  2018-02-06 18:40:09,296 [main][MJParser.java:507] : #41 2
INFO  2018-02-06 18:40:09,296 [main][MJParser.java:507] : #36 ;
INFO  2018-02-06 18:40:09,296 [main][MJParser.java:507] : #42 q
INFO  2018-02-06 18:40:09,297 [main][MJParser.java:507] : #17 =
INFO  2018-02-06 18:40:09,297 [main][MJParser.java:507] : #41 4
INFO  2018-02-06 18:40:09,297 [main][MJParser.java:507] : #36 ;
INFO  2018-02-06 18:40:09,297 [main][MJParser.java:507] : #42 p
INFO  2018-02-06 18:40:09,297 [main][MJParser.java:507] : #17 =
INFO  2018-02-06 18:40:09,298 [main][MJParser.java:507] : #41 0
INFO  2018-02-06 18:40:09,298 [main][MJParser.java:507] : #36 ;
INFO  2018-02-06 18:40:09,298 [main][MJParser.java:507] : #27 if
INFO  2018-02-06 18:40:09,298 [main][MJParser.java:507] : #2 (
INFO  2018-02-06 18:40:09,299 [main][MJParser.java:507] : #42 x
INFO  2018-02-06 18:40:09,299 [main][MJParser.java:507] : #29 <
INFO  2018-02-06 18:40:09,299 [main][MJParser.java:507] : #42 y
INFO  2018-02-06 18:40:09,301 [main][MJParser.java:507] : #24 &&
INFO  2018-02-06 18:40:09,302 [main][MJParser.java:507] : #41 1
INFO  2018-02-06 18:40:09,302 [main][MJParser.java:507] : #29 <
INFO  2018-02-06 18:40:09,302 [main][MJParser.java:507] : #41 2
INFO  2018-02-06 18:40:09,303 [main][MJParser.java:507] : #25 ||
INFO  2018-02-06 18:40:09,303 [main][MJParser.java:507] : #41 1
INFO  2018-02-06 18:40:09,303 [main][MJParser.java:507] : #32 >
INFO  2018-02-06 18:40:09,303 [main][MJParser.java:507] : #41 0
INFO  2018-02-06 18:40:09,305 [main][MJParser.java:507] : #3 )
INFO  2018-02-06 18:40:09,305 [main][MJParser.java:507] : #27 if
INFO  2018-02-06 18:40:09,305 [main][MJParser.java:507] : #2 (
INFO  2018-02-06 18:40:09,305 [main][MJParser.java:507] : #42 x
INFO  2018-02-06 18:40:09,305 [main][MJParser.java:507] : #32 >
INFO  2018-02-06 18:40:09,306 [main][MJParser.java:507] : #42 q
INFO  2018-02-06 18:40:09,306 [main][MJParser.java:507] : #24 &&
INFO  2018-02-06 18:40:09,306 [main][MJParser.java:507] : #41 1
INFO  2018-02-06 18:40:09,306 [main][MJParser.java:507] : #29 <
INFO  2018-02-06 18:40:09,306 [main][MJParser.java:507] : #41 2
INFO  2018-02-06 18:40:09,306 [main][MJParser.java:507] : #25 ||
INFO  2018-02-06 18:40:09,307 [main][MJParser.java:507] : #41 1
INFO  2018-02-06 18:40:09,307 [main][MJParser.java:507] : #29 <
INFO  2018-02-06 18:40:09,307 [main][MJParser.java:507] : #41 0
INFO  2018-02-06 18:40:09,307 [main][MJParser.java:507] : #3 )
INFO  2018-02-06 18:40:09,307 [main][MJParser.java:507] : #42 p
INFO  2018-02-06 18:40:09,307 [main][MJParser.java:507] : #17 =
INFO  2018-02-06 18:40:09,308 [main][MJParser.java:507] : #41 1
INFO  2018-02-06 18:40:09,308 [main][MJParser.java:507] : #36 ;
INFO  2018-02-06 18:40:09,308 [main][MJParser.java:507] : #26 else
INFO  2018-02-06 18:40:09,308 [main][MJParser.java:507] : #27 if
INFO  2018-02-06 18:40:09,308 [main][MJParser.java:507] : #2 (
INFO  2018-02-06 18:40:09,309 [main][MJParser.java:507] : #42 x
INFO  2018-02-06 18:40:09,309 [main][MJParser.java:507] : #29 <
INFO  2018-02-06 18:40:09,309 [main][MJParser.java:507] : #42 y
INFO  2018-02-06 18:40:09,309 [main][MJParser.java:507] : #24 &&
INFO  2018-02-06 18:40:09,309 [main][MJParser.java:507] : #41 1
INFO  2018-02-06 18:40:09,309 [main][MJParser.java:507] : #29 <
INFO  2018-02-06 18:40:09,310 [main][MJParser.java:507] : #41 2
INFO  2018-02-06 18:40:09,310 [main][MJParser.java:507] : #25 ||
INFO  2018-02-06 18:40:09,310 [main][MJParser.java:507] : #41 1
INFO  2018-02-06 18:40:09,310 [main][MJParser.java:507] : #32 >
INFO  2018-02-06 18:40:09,310 [main][MJParser.java:507] : #41 0
INFO  2018-02-06 18:40:09,310 [main][MJParser.java:507] : #3 )
INFO  2018-02-06 18:40:09,311 [main][MJParser.java:507] : #42 p
INFO  2018-02-06 18:40:09,311 [main][MJParser.java:507] : #17 =
INFO  2018-02-06 18:40:09,311 [main][MJParser.java:507] : #41 2
INFO  2018-02-06 18:40:09,311 [main][MJParser.java:507] : #36 ;
INFO  2018-02-06 18:40:09,312 [main][MJParser.java:507] : #26 else
INFO  2018-02-06 18:40:09,312 [main][MJParser.java:507] : #42 p
INFO  2018-02-06 18:40:09,312 [main][MJParser.java:507] : #17 =
INFO  2018-02-06 18:40:09,312 [main][MJParser.java:507] : #41 3
INFO  2018-02-06 18:40:09,312 [main][MJParser.java:507] : #36 ;
INFO  2018-02-06 18:40:09,312 [main][MJParser.java:507] : #42 z
INFO  2018-02-06 18:40:09,313 [main][MJParser.java:507] : #17 =
INFO  2018-02-06 18:40:09,313 [main][MJParser.java:507] : #16 new
INFO  2018-02-06 18:40:09,313 [main][MJParser.java:507] : #42 int
INFO  2018-02-06 18:40:09,314 [main][MJParser.java:507] : #10 [
INFO  2018-02-06 18:40:09,314 [main][MJParser.java:507] : #41 2
INFO  2018-02-06 18:40:09,314 [main][MJParser.java:507] : #11 ]
INFO  2018-02-06 18:40:09,314 [main][MJParser.java:507] : #36 ;
INFO  2018-02-06 18:40:09,314 [main][MJParser.java:507] : #42 z
INFO  2018-02-06 18:40:09,315 [main][MJParser.java:507] : #10 [
INFO  2018-02-06 18:40:09,315 [main][MJParser.java:507] : #41 0
INFO  2018-02-06 18:40:09,315 [main][MJParser.java:507] : #11 ]
INFO  2018-02-06 18:40:09,315 [main][MJParser.java:507] : #17 =
INFO  2018-02-06 18:40:09,316 [main][MJParser.java:507] : #41 4
INFO  2018-02-06 18:40:09,316 [main][MJParser.java:507] : #36 ;
INFO  2018-02-06 18:40:09,316 [main][MJParser.java:507] : #18 print
INFO  2018-02-06 18:40:09,316 [main][MJParser.java:507] : #2 (
INFO  2018-02-06 18:40:09,316 [main][MJParser.java:507] : #42 z
INFO  2018-02-06 18:40:09,317 [main][MJParser.java:507] : #10 [
INFO  2018-02-06 18:40:09,317 [main][MJParser.java:507] : #41 0
INFO  2018-02-06 18:40:09,317 [main][MJParser.java:507] : #11 ]
INFO  2018-02-06 18:40:09,317 [main][MJParser.java:507] : #3 )
INFO  2018-02-06 18:40:09,317 [main][MJParser.java:507] : #36 ;
INFO  2018-02-06 18:40:09,317 [main][MJParser.java:507] : #42 z
INFO  2018-02-06 18:40:09,317 [main][MJParser.java:507] : #10 [
INFO  2018-02-06 18:40:09,318 [main][MJParser.java:507] : #41 0
INFO  2018-02-06 18:40:09,318 [main][MJParser.java:507] : #11 ]
INFO  2018-02-06 18:40:09,318 [main][MJParser.java:507] : #14 ++
INFO  2018-02-06 18:40:09,318 [main][MJParser.java:507] : #36 ;
INFO  2018-02-06 18:40:09,318 [main][MJParser.java:507] : #18 print
INFO  2018-02-06 18:40:09,318 [main][MJParser.java:507] : #2 (
INFO  2018-02-06 18:40:09,319 [main][MJParser.java:507] : #42 z
INFO  2018-02-06 18:40:09,319 [main][MJParser.java:507] : #10 [
INFO  2018-02-06 18:40:09,319 [main][MJParser.java:507] : #41 0
INFO  2018-02-06 18:40:09,319 [main][MJParser.java:507] : #11 ]
INFO  2018-02-06 18:40:09,319 [main][MJParser.java:507] : #3 )
INFO  2018-02-06 18:40:09,319 [main][MJParser.java:507] : #36 ;
INFO  2018-02-06 18:40:09,319 [main][MJParser.java:507] : #18 print
INFO  2018-02-06 18:40:09,320 [main][MJParser.java:507] : #2 (
INFO  2018-02-06 18:40:09,320 [main][MJParser.java:507] : #42 p
INFO  2018-02-06 18:40:09,320 [main][MJParser.java:507] : #3 )
INFO  2018-02-06 18:40:09,320 [main][MJParser.java:507] : #36 ;
INFO  2018-02-06 18:40:09,320 [main][MJParser.java:507] : #18 print
INFO  2018-02-06 18:40:09,321 [main][MJParser.java:507] : #2 (
INFO  2018-02-06 18:40:09,321 [main][MJParser.java:507] : #42 eol
INFO  2018-02-06 18:40:09,321 [main][MJParser.java:507] : #3 )
INFO  2018-02-06 18:40:09,321 [main][MJParser.java:507] : #36 ;
INFO  2018-02-06 18:40:09,321 [main][MJParser.java:507] : #27 if
INFO  2018-02-06 18:40:09,321 [main][MJParser.java:507] : #2 (
INFO  2018-02-06 18:40:09,322 [main][MJParser.java:507] : #45 false
INFO  2018-02-06 18:40:09,322 [main][MJParser.java:507] : #3 )
INFO  2018-02-06 18:40:09,322 [main][MJParser.java:507] : #7 {
INFO  2018-02-06 18:40:09,322 [main][MJParser.java:507] : #18 print
INFO  2018-02-06 18:40:09,322 [main][MJParser.java:507] : #2 (
INFO  2018-02-06 18:40:09,323 [main][MJParser.java:507] : #43 'o'
INFO  2018-02-06 18:40:09,323 [main][MJParser.java:507] : #3 )
INFO  2018-02-06 18:40:09,323 [main][MJParser.java:507] : #36 ;
INFO  2018-02-06 18:40:09,323 [main][MJParser.java:507] : #18 print
INFO  2018-02-06 18:40:09,323 [main][MJParser.java:507] : #2 (
INFO  2018-02-06 18:40:09,324 [main][MJParser.java:507] : #43 'k'
INFO  2018-02-06 18:40:09,325 [main][MJParser.java:507] : #3 )
INFO  2018-02-06 18:40:09,325 [main][MJParser.java:507] : #36 ;
INFO  2018-02-06 18:40:09,325 [main][MJParser.java:507] : #8 }
INFO  2018-02-06 18:40:09,325 [main][MJParser.java:507] : #26 else
INFO  2018-02-06 18:40:09,326 [main][MJParser.java:507] : #7 {
INFO  2018-02-06 18:40:09,326 [main][MJParser.java:507] : #18 print
INFO  2018-02-06 18:40:09,326 [main][MJParser.java:507] : #2 (
INFO  2018-02-06 18:40:09,326 [main][MJParser.java:507] : #43 'c'
INFO  2018-02-06 18:40:09,326 [main][MJParser.java:507] : #3 )
INFO  2018-02-06 18:40:09,326 [main][MJParser.java:507] : #36 ;
INFO  2018-02-06 18:40:09,326 [main][MJParser.java:507] : #18 print
INFO  2018-02-06 18:40:09,326 [main][MJParser.java:507] : #2 (
INFO  2018-02-06 18:40:09,327 [main][MJParser.java:507] : #43 'a'
INFO  2018-02-06 18:40:09,327 [main][MJParser.java:507] : #3 )
INFO  2018-02-06 18:40:09,327 [main][MJParser.java:507] : #36 ;
INFO  2018-02-06 18:40:09,327 [main][MJParser.java:507] : #18 print
INFO  2018-02-06 18:40:09,327 [main][MJParser.java:507] : #2 (
INFO  2018-02-06 18:40:09,327 [main][MJParser.java:507] : #43 'o'
INFO  2018-02-06 18:40:09,327 [main][MJParser.java:507] : #3 )
INFO  2018-02-06 18:40:09,327 [main][MJParser.java:507] : #36 ;
INFO  2018-02-06 18:40:09,328 [main][MJParser.java:507] : #8 }
INFO  2018-02-06 18:40:09,328 [main][MJParser.java:507] : #39 return
INFO  2018-02-06 18:40:09,328 [main][MJParser.java:507] : #41 0
INFO  2018-02-06 18:40:09,328 [main][MJParser.java:507] : #36 ;
INFO  2018-02-06 18:40:09,328 [main][MJParser.java:507] : #8 }
INFO  2018-02-06 18:40:09,329 [main][MJParser.java:507] : #8 }
INFO  2018-02-06 18:40:09,351 [main][SemanticAnalyzer.java:129] : Deklarisana promenljiva x na liniji 2
INFO  2018-02-06 18:40:09,351 [main][SemanticAnalyzer.java:129] : Deklarisana promenljiva y na liniji 2
INFO  2018-02-06 18:40:09,351 [main][SemanticAnalyzer.java:129] : Deklarisana nizovna promenljiva z gde su elementi niza tipa int, na liniji 12
INFO  2018-02-06 18:40:09,352 [main][SemanticAnalyzer.java:129] : Deklarisana promenljiva q na liniji 12
INFO  2018-02-06 18:40:09,352 [main][SemanticAnalyzer.java:129] : Deklarisana promenljiva p na liniji 2
INFO  2018-02-06 18:40:09,352 [main][SemanticAnalyzer.java:129] : Deklarisana nizovna promenljiva h gde su elementi niza tipa char, na liniji 3
INFO  2018-02-06 18:40:09,352 [main][SemanticAnalyzer.java:129] : Obradjuje se funkcija k ciji je povratni tip int, na liniji 6
INFO  2018-02-06 18:40:09,353 [main][SemanticAnalyzer.java:129] : Pronadjen formalni parametar int a, na liniji 6
INFO  2018-02-06 18:40:09,353 [main][SemanticAnalyzer.java:129] : Pronadjen formalni parametar int b, na liniji 6
INFO  2018-02-06 18:40:09,353 [main][SemanticAnalyzer.java:129] : Deklarisana promenljiva x na liniji 6
INFO  2018-02-06 18:40:09,354 [main][SemanticAnalyzer.java:129] : Pretraga na liniji 7 (x), nadjeno Var x: int, 2, 1 
INFO  2018-02-06 18:40:09,354 [main][SemanticAnalyzer.java:129] : Pretraga na liniji 7 (a), nadjeno Var a: int, 0, 1 
INFO  2018-02-06 18:40:09,354 [main][SemanticAnalyzer.java:129] : Pretraga na liniji 8 (x), nadjeno Var x: int, 2, 1 
INFO  2018-02-06 18:40:09,355 [main][SemanticAnalyzer.java:129] : Pretraga na liniji 9 (b), nadjeno Var b: int, 1, 1 
INFO  2018-02-06 18:40:09,355 [main][SemanticAnalyzer.java:129] : Obradjuje se funkcija main ciji je povratni tip int, na liniji 15
INFO  2018-02-06 18:40:09,355 [main][SemanticAnalyzer.java:129] : Pretraga na liniji 16 (x), nadjeno Var x: int, 0, 0 
INFO  2018-02-06 18:40:09,356 [main][SemanticAnalyzer.java:129] : Pretraga na liniji 17 (y), nadjeno Var y: int, 1, 0 
INFO  2018-02-06 18:40:09,356 [main][SemanticAnalyzer.java:129] : Pretraga na liniji 18 (q), nadjeno Var q: int, 3, 0 
INFO  2018-02-06 18:40:09,356 [main][SemanticAnalyzer.java:129] : Pretraga na liniji 19 (p), nadjeno Var p: int, 4, 0 
INFO  2018-02-06 18:40:09,357 [main][SemanticAnalyzer.java:129] : Pretraga na liniji 20 (x), nadjeno Var x: int, 0, 0 
INFO  2018-02-06 18:40:09,357 [main][SemanticAnalyzer.java:129] : Pretraga na liniji 20 (y), nadjeno Var y: int, 1, 0 
INFO  2018-02-06 18:40:09,357 [main][SemanticAnalyzer.java:129] : Pretraga na liniji 21 (x), nadjeno Var x: int, 0, 0 
INFO  2018-02-06 18:40:09,358 [main][SemanticAnalyzer.java:129] : Pretraga na liniji 21 (q), nadjeno Var q: int, 3, 0 
INFO  2018-02-06 18:40:09,359 [main][SemanticAnalyzer.java:129] : Pretraga na liniji 21 (p), nadjeno Var p: int, 4, 0 
INFO  2018-02-06 18:40:09,359 [main][SemanticAnalyzer.java:129] : Pretraga na liniji 23 (x), nadjeno Var x: int, 0, 0 
INFO  2018-02-06 18:40:09,359 [main][SemanticAnalyzer.java:129] : Pretraga na liniji 23 (y), nadjeno Var y: int, 1, 0 
INFO  2018-02-06 18:40:09,360 [main][SemanticAnalyzer.java:129] : Pretraga na liniji 23 (p), nadjeno Var p: int, 4, 0 
INFO  2018-02-06 18:40:09,360 [main][SemanticAnalyzer.java:129] : Pretraga na liniji 24 (p), nadjeno Var p: int, 4, 0 
INFO  2018-02-06 18:40:09,360 [main][SemanticAnalyzer.java:129] : Pretraga na liniji 25 (z), nadjeno Var z: Arr of int, 2, 0 
INFO  2018-02-06 18:40:09,361 [main][SemanticAnalyzer.java:129] : Pretraga na liniji 27 (z), nadjeno Var z: Arr of int, 2, 0 
INFO  2018-02-06 18:40:09,361 [main][SemanticAnalyzer.java:129] : Pretraga na liniji 28 (z), nadjeno Var z: Arr of int, 2, 0 
INFO  2018-02-06 18:40:09,361 [main][SemanticAnalyzer.java:129] : Pretraga na liniji 29 (z), nadjeno Var z: Arr of int, 2, 0 
INFO  2018-02-06 18:40:09,362 [main][SemanticAnalyzer.java:129] : Pretraga na liniji 31 (z), nadjeno Var z: Arr of int, 2, 0 
INFO  2018-02-06 18:40:09,362 [main][SemanticAnalyzer.java:129] : Pretraga na liniji 32 (p), nadjeno Var p: int, 4, 0 
INFO  2018-02-06 18:40:09,362 [main][SemanticAnalyzer.java:129] : Pretraga na liniji 34 (eol), nadjeno Con eol: char, 10, 0 
INFO  2018-02-06 18:40:09,364 [main][Compiler.java:211] : Generating bytecode file: C:\Users\Luka\Desktop\pp1domaci\workspace\MJCompiler\test\izlaz.obj
INFO  2018-02-06 18:40:09,389 [main][Compiler.java:221] : Parsiranje uspesno zavrseno!
